// Jest Snapshot v1, https://goo.gl/fbAQLP

exports[`<Container /> should display children without error 1`] = `
<div>
  <div
    style={
      Object {
        "height": "500px",
        "width": "100%",
      }
    }
  >
    <div
      id="container-test"
      style={
        Object {
          "display": null,
          "height": "100%",
          "width": "100%",
        }
      }
    />
    <div>
      Map
    </div>
  </div>
</div>
`;
